c:\users\c5\source\repos\pinkeye stuff\drv64\drv64\x64\release\vc143.pdb
c:\users\c5\source\repos\pinkeye stuff\drv64\drv64\x64\release\driver.obj
c:\users\c5\source\repos\pinkeye stuff\drv64\x64\release\drv64\drv64.cat
c:\users\c5\source\repos\pinkeye stuff\drv64\x64\release\drv64.sys
c:\users\c5\source\repos\pinkeye stuff\drv64\x64\release\drv64.pdb
c:\users\c5\source\repos\pinkeye stuff\drv64\x64\release\drv64.cer
c:\users\c5\source\repos\pinkeye stuff\drv64\x64\release\drv64.inf
c:\users\c5\source\repos\pinkeye stuff\drv64\drv64\x64\release\drv64.tlog\cl.command.1.tlog
c:\users\c5\source\repos\pinkeye stuff\drv64\drv64\x64\release\drv64.tlog\cl.items.tlog
c:\users\c5\source\repos\pinkeye stuff\drv64\drv64\x64\release\drv64.tlog\cl.read.1.tlog
c:\users\c5\source\repos\pinkeye stuff\drv64\drv64\x64\release\drv64.tlog\cl.write.1.tlog
c:\users\c5\source\repos\pinkeye stuff\drv64\drv64\x64\release\drv64.tlog\inf2cat-expand.11332.read.1.tlog
c:\users\c5\source\repos\pinkeye stuff\drv64\drv64\x64\release\drv64.tlog\inf2cat-expand.11332.write.1.tlog
c:\users\c5\source\repos\pinkeye stuff\drv64\drv64\x64\release\drv64.tlog\inf2cat-expand.11336.read.1.tlog
c:\users\c5\source\repos\pinkeye stuff\drv64\drv64\x64\release\drv64.tlog\inf2cat-expand.11336.write.1.tlog
c:\users\c5\source\repos\pinkeye stuff\drv64\drv64\x64\release\drv64.tlog\inf2cat-expand.11408.read.1.tlog
c:\users\c5\source\repos\pinkeye stuff\drv64\drv64\x64\release\drv64.tlog\inf2cat-expand.11408.write.1.tlog
c:\users\c5\source\repos\pinkeye stuff\drv64\drv64\x64\release\drv64.tlog\inf2cat-expand.11868.read.1.tlog
c:\users\c5\source\repos\pinkeye stuff\drv64\drv64\x64\release\drv64.tlog\inf2cat-expand.11868.write.1.tlog
c:\users\c5\source\repos\pinkeye stuff\drv64\drv64\x64\release\drv64.tlog\inf2cat-expand.11988.read.1.tlog
c:\users\c5\source\repos\pinkeye stuff\drv64\drv64\x64\release\drv64.tlog\inf2cat-expand.11988.write.1.tlog
c:\users\c5\source\repos\pinkeye stuff\drv64\drv64\x64\release\drv64.tlog\inf2cat-expand.12036.read.1.tlog
c:\users\c5\source\repos\pinkeye stuff\drv64\drv64\x64\release\drv64.tlog\inf2cat-expand.12036.write.1.tlog
c:\users\c5\source\repos\pinkeye stuff\drv64\drv64\x64\release\drv64.tlog\inf2cat-expand.12168.read.1.tlog
c:\users\c5\source\repos\pinkeye stuff\drv64\drv64\x64\release\drv64.tlog\inf2cat-expand.12168.write.1.tlog
c:\users\c5\source\repos\pinkeye stuff\drv64\drv64\x64\release\drv64.tlog\inf2cat-expand.13536.read.1.tlog
c:\users\c5\source\repos\pinkeye stuff\drv64\drv64\x64\release\drv64.tlog\inf2cat-expand.13536.write.1.tlog
c:\users\c5\source\repos\pinkeye stuff\drv64\drv64\x64\release\drv64.tlog\inf2cat-expand.14628.read.1.tlog
c:\users\c5\source\repos\pinkeye stuff\drv64\drv64\x64\release\drv64.tlog\inf2cat-expand.14628.write.1.tlog
c:\users\c5\source\repos\pinkeye stuff\drv64\drv64\x64\release\drv64.tlog\inf2cat-expand.14728.read.1.tlog
c:\users\c5\source\repos\pinkeye stuff\drv64\drv64\x64\release\drv64.tlog\inf2cat-expand.14728.write.1.tlog
c:\users\c5\source\repos\pinkeye stuff\drv64\drv64\x64\release\drv64.tlog\inf2cat-expand.16488.read.1.tlog
c:\users\c5\source\repos\pinkeye stuff\drv64\drv64\x64\release\drv64.tlog\inf2cat-expand.16488.write.1.tlog
c:\users\c5\source\repos\pinkeye stuff\drv64\drv64\x64\release\drv64.tlog\inf2cat-expand.16504.read.1.tlog
c:\users\c5\source\repos\pinkeye stuff\drv64\drv64\x64\release\drv64.tlog\inf2cat-expand.16504.write.1.tlog
c:\users\c5\source\repos\pinkeye stuff\drv64\drv64\x64\release\drv64.tlog\inf2cat-expand.16724.read.1.tlog
c:\users\c5\source\repos\pinkeye stuff\drv64\drv64\x64\release\drv64.tlog\inf2cat-expand.16724.write.1.tlog
c:\users\c5\source\repos\pinkeye stuff\drv64\drv64\x64\release\drv64.tlog\inf2cat-expand.16796.read.1.tlog
c:\users\c5\source\repos\pinkeye stuff\drv64\drv64\x64\release\drv64.tlog\inf2cat-expand.16796.write.1.tlog
c:\users\c5\source\repos\pinkeye stuff\drv64\drv64\x64\release\drv64.tlog\inf2cat-expand.16964.read.1.tlog
c:\users\c5\source\repos\pinkeye stuff\drv64\drv64\x64\release\drv64.tlog\inf2cat-expand.16964.write.1.tlog
c:\users\c5\source\repos\pinkeye stuff\drv64\drv64\x64\release\drv64.tlog\inf2cat-expand.17008.read.1.tlog
c:\users\c5\source\repos\pinkeye stuff\drv64\drv64\x64\release\drv64.tlog\inf2cat-expand.17008.write.1.tlog
c:\users\c5\source\repos\pinkeye stuff\drv64\drv64\x64\release\drv64.tlog\inf2cat-expand.17080.read.1.tlog
c:\users\c5\source\repos\pinkeye stuff\drv64\drv64\x64\release\drv64.tlog\inf2cat-expand.17080.write.1.tlog
c:\users\c5\source\repos\pinkeye stuff\drv64\drv64\x64\release\drv64.tlog\inf2cat-expand.17324.read.1.tlog
c:\users\c5\source\repos\pinkeye stuff\drv64\drv64\x64\release\drv64.tlog\inf2cat-expand.17324.write.1.tlog
c:\users\c5\source\repos\pinkeye stuff\drv64\drv64\x64\release\drv64.tlog\inf2cat-expand.17352.read.1.tlog
c:\users\c5\source\repos\pinkeye stuff\drv64\drv64\x64\release\drv64.tlog\inf2cat-expand.17352.write.1.tlog
c:\users\c5\source\repos\pinkeye stuff\drv64\drv64\x64\release\drv64.tlog\inf2cat-expand.18016.read.1.tlog
c:\users\c5\source\repos\pinkeye stuff\drv64\drv64\x64\release\drv64.tlog\inf2cat-expand.18016.write.1.tlog
c:\users\c5\source\repos\pinkeye stuff\drv64\drv64\x64\release\drv64.tlog\inf2cat-expand.18076.read.1.tlog
c:\users\c5\source\repos\pinkeye stuff\drv64\drv64\x64\release\drv64.tlog\inf2cat-expand.18076.write.1.tlog
c:\users\c5\source\repos\pinkeye stuff\drv64\drv64\x64\release\drv64.tlog\inf2cat-expand.18444.read.1.tlog
c:\users\c5\source\repos\pinkeye stuff\drv64\drv64\x64\release\drv64.tlog\inf2cat-expand.18444.write.1.tlog
c:\users\c5\source\repos\pinkeye stuff\drv64\drv64\x64\release\drv64.tlog\inf2cat-expand.18492.read.1.tlog
c:\users\c5\source\repos\pinkeye stuff\drv64\drv64\x64\release\drv64.tlog\inf2cat-expand.18492.write.1.tlog
c:\users\c5\source\repos\pinkeye stuff\drv64\drv64\x64\release\drv64.tlog\inf2cat-expand.18896.read.1.tlog
c:\users\c5\source\repos\pinkeye stuff\drv64\drv64\x64\release\drv64.tlog\inf2cat-expand.18896.write.1.tlog
c:\users\c5\source\repos\pinkeye stuff\drv64\drv64\x64\release\drv64.tlog\inf2cat-expand.18972.read.1.tlog
c:\users\c5\source\repos\pinkeye stuff\drv64\drv64\x64\release\drv64.tlog\inf2cat-expand.18972.write.1.tlog
c:\users\c5\source\repos\pinkeye stuff\drv64\drv64\x64\release\drv64.tlog\inf2cat-expand.19100.read.1.tlog
c:\users\c5\source\repos\pinkeye stuff\drv64\drv64\x64\release\drv64.tlog\inf2cat-expand.19100.write.1.tlog
c:\users\c5\source\repos\pinkeye stuff\drv64\drv64\x64\release\drv64.tlog\inf2cat-expand.19136.read.1.tlog
c:\users\c5\source\repos\pinkeye stuff\drv64\drv64\x64\release\drv64.tlog\inf2cat-expand.19136.write.1.tlog
c:\users\c5\source\repos\pinkeye stuff\drv64\drv64\x64\release\drv64.tlog\inf2cat-expand.19488.read.1.tlog
c:\users\c5\source\repos\pinkeye stuff\drv64\drv64\x64\release\drv64.tlog\inf2cat-expand.19488.write.1.tlog
c:\users\c5\source\repos\pinkeye stuff\drv64\drv64\x64\release\drv64.tlog\inf2cat-expand.19688.read.1.tlog
c:\users\c5\source\repos\pinkeye stuff\drv64\drv64\x64\release\drv64.tlog\inf2cat-expand.19688.write.1.tlog
c:\users\c5\source\repos\pinkeye stuff\drv64\drv64\x64\release\drv64.tlog\inf2cat-expand.20116.read.1.tlog
c:\users\c5\source\repos\pinkeye stuff\drv64\drv64\x64\release\drv64.tlog\inf2cat-expand.20116.write.1.tlog
c:\users\c5\source\repos\pinkeye stuff\drv64\drv64\x64\release\drv64.tlog\inf2cat-expand.20408.read.1.tlog
c:\users\c5\source\repos\pinkeye stuff\drv64\drv64\x64\release\drv64.tlog\inf2cat-expand.20408.write.1.tlog
c:\users\c5\source\repos\pinkeye stuff\drv64\drv64\x64\release\drv64.tlog\inf2cat-expand.20476.read.1.tlog
c:\users\c5\source\repos\pinkeye stuff\drv64\drv64\x64\release\drv64.tlog\inf2cat-expand.20476.write.1.tlog
c:\users\c5\source\repos\pinkeye stuff\drv64\drv64\x64\release\drv64.tlog\inf2cat-expand.20784.read.1.tlog
c:\users\c5\source\repos\pinkeye stuff\drv64\drv64\x64\release\drv64.tlog\inf2cat-expand.20784.write.1.tlog
c:\users\c5\source\repos\pinkeye stuff\drv64\drv64\x64\release\drv64.tlog\inf2cat-expand.20812.read.1.tlog
c:\users\c5\source\repos\pinkeye stuff\drv64\drv64\x64\release\drv64.tlog\inf2cat-expand.20812.write.1.tlog
c:\users\c5\source\repos\pinkeye stuff\drv64\drv64\x64\release\drv64.tlog\inf2cat-expand.21380.read.1.tlog
c:\users\c5\source\repos\pinkeye stuff\drv64\drv64\x64\release\drv64.tlog\inf2cat-expand.21380.write.1.tlog
c:\users\c5\source\repos\pinkeye stuff\drv64\drv64\x64\release\drv64.tlog\inf2cat-expand.21400.read.1.tlog
c:\users\c5\source\repos\pinkeye stuff\drv64\drv64\x64\release\drv64.tlog\inf2cat-expand.21400.write.1.tlog
c:\users\c5\source\repos\pinkeye stuff\drv64\drv64\x64\release\drv64.tlog\inf2cat-expand.21416.read.1.tlog
c:\users\c5\source\repos\pinkeye stuff\drv64\drv64\x64\release\drv64.tlog\inf2cat-expand.21416.write.1.tlog
c:\users\c5\source\repos\pinkeye stuff\drv64\drv64\x64\release\drv64.tlog\inf2cat-expand.21440.read.1.tlog
c:\users\c5\source\repos\pinkeye stuff\drv64\drv64\x64\release\drv64.tlog\inf2cat-expand.21440.write.1.tlog
c:\users\c5\source\repos\pinkeye stuff\drv64\drv64\x64\release\drv64.tlog\inf2cat-expand.21692.read.1.tlog
c:\users\c5\source\repos\pinkeye stuff\drv64\drv64\x64\release\drv64.tlog\inf2cat-expand.21692.write.1.tlog
c:\users\c5\source\repos\pinkeye stuff\drv64\drv64\x64\release\drv64.tlog\inf2cat-expand.21720.read.1.tlog
c:\users\c5\source\repos\pinkeye stuff\drv64\drv64\x64\release\drv64.tlog\inf2cat-expand.21720.write.1.tlog
c:\users\c5\source\repos\pinkeye stuff\drv64\drv64\x64\release\drv64.tlog\inf2cat-expand.21808.read.1.tlog
c:\users\c5\source\repos\pinkeye stuff\drv64\drv64\x64\release\drv64.tlog\inf2cat-expand.21808.write.1.tlog
c:\users\c5\source\repos\pinkeye stuff\drv64\drv64\x64\release\drv64.tlog\inf2cat-expand.22136.read.1.tlog
c:\users\c5\source\repos\pinkeye stuff\drv64\drv64\x64\release\drv64.tlog\inf2cat-expand.22136.write.1.tlog
c:\users\c5\source\repos\pinkeye stuff\drv64\drv64\x64\release\drv64.tlog\inf2cat-expand.22364.read.1.tlog
c:\users\c5\source\repos\pinkeye stuff\drv64\drv64\x64\release\drv64.tlog\inf2cat-expand.22364.write.1.tlog
c:\users\c5\source\repos\pinkeye stuff\drv64\drv64\x64\release\drv64.tlog\inf2cat-expand.22600.read.1.tlog
c:\users\c5\source\repos\pinkeye stuff\drv64\drv64\x64\release\drv64.tlog\inf2cat-expand.22600.write.1.tlog
c:\users\c5\source\repos\pinkeye stuff\drv64\drv64\x64\release\drv64.tlog\inf2cat-expand.22680.read.1.tlog
c:\users\c5\source\repos\pinkeye stuff\drv64\drv64\x64\release\drv64.tlog\inf2cat-expand.22680.write.1.tlog
c:\users\c5\source\repos\pinkeye stuff\drv64\drv64\x64\release\drv64.tlog\inf2cat-expand.22692.read.1.tlog
c:\users\c5\source\repos\pinkeye stuff\drv64\drv64\x64\release\drv64.tlog\inf2cat-expand.22692.write.1.tlog
c:\users\c5\source\repos\pinkeye stuff\drv64\drv64\x64\release\drv64.tlog\inf2cat-expand.2288.read.1.tlog
c:\users\c5\source\repos\pinkeye stuff\drv64\drv64\x64\release\drv64.tlog\inf2cat-expand.2288.write.1.tlog
c:\users\c5\source\repos\pinkeye stuff\drv64\drv64\x64\release\drv64.tlog\inf2cat-expand.23128.read.1.tlog
c:\users\c5\source\repos\pinkeye stuff\drv64\drv64\x64\release\drv64.tlog\inf2cat-expand.23128.write.1.tlog
c:\users\c5\source\repos\pinkeye stuff\drv64\drv64\x64\release\drv64.tlog\inf2cat-expand.23136.read.1.tlog
c:\users\c5\source\repos\pinkeye stuff\drv64\drv64\x64\release\drv64.tlog\inf2cat-expand.23136.write.1.tlog
c:\users\c5\source\repos\pinkeye stuff\drv64\drv64\x64\release\drv64.tlog\inf2cat-expand.23280.read.1.tlog
c:\users\c5\source\repos\pinkeye stuff\drv64\drv64\x64\release\drv64.tlog\inf2cat-expand.23280.write.1.tlog
c:\users\c5\source\repos\pinkeye stuff\drv64\drv64\x64\release\drv64.tlog\inf2cat-expand.23372.read.1.tlog
c:\users\c5\source\repos\pinkeye stuff\drv64\drv64\x64\release\drv64.tlog\inf2cat-expand.23372.write.1.tlog
c:\users\c5\source\repos\pinkeye stuff\drv64\drv64\x64\release\drv64.tlog\inf2cat-expand.23524.read.1.tlog
c:\users\c5\source\repos\pinkeye stuff\drv64\drv64\x64\release\drv64.tlog\inf2cat-expand.23524.write.1.tlog
c:\users\c5\source\repos\pinkeye stuff\drv64\drv64\x64\release\drv64.tlog\inf2cat-expand.23532.read.1.tlog
c:\users\c5\source\repos\pinkeye stuff\drv64\drv64\x64\release\drv64.tlog\inf2cat-expand.23532.write.1.tlog
c:\users\c5\source\repos\pinkeye stuff\drv64\drv64\x64\release\drv64.tlog\inf2cat-expand.5988.read.1.tlog
c:\users\c5\source\repos\pinkeye stuff\drv64\drv64\x64\release\drv64.tlog\inf2cat-expand.5988.write.1.tlog
c:\users\c5\source\repos\pinkeye stuff\drv64\drv64\x64\release\drv64.tlog\inf2cat-expand.6120.read.1.tlog
c:\users\c5\source\repos\pinkeye stuff\drv64\drv64\x64\release\drv64.tlog\inf2cat-expand.6120.write.1.tlog
c:\users\c5\source\repos\pinkeye stuff\drv64\drv64\x64\release\drv64.tlog\inf2cat-expand.7592.read.1.tlog
c:\users\c5\source\repos\pinkeye stuff\drv64\drv64\x64\release\drv64.tlog\inf2cat-expand.7592.write.1.tlog
c:\users\c5\source\repos\pinkeye stuff\drv64\drv64\x64\release\drv64.tlog\inf2cat-expand.8364.read.1.tlog
c:\users\c5\source\repos\pinkeye stuff\drv64\drv64\x64\release\drv64.tlog\inf2cat-expand.8364.write.1.tlog
c:\users\c5\source\repos\pinkeye stuff\drv64\drv64\x64\release\drv64.tlog\inf2cat-expand.9192.read.1.tlog
c:\users\c5\source\repos\pinkeye stuff\drv64\drv64\x64\release\drv64.tlog\inf2cat-expand.9192.write.1.tlog
c:\users\c5\source\repos\pinkeye stuff\drv64\drv64\x64\release\drv64.tlog\inf2cat-expand.9248.read.1.tlog
c:\users\c5\source\repos\pinkeye stuff\drv64\drv64\x64\release\drv64.tlog\inf2cat-expand.9248.write.1.tlog
c:\users\c5\source\repos\pinkeye stuff\drv64\drv64\x64\release\drv64.tlog\inf2cat-expand.read.1.tlog
c:\users\c5\source\repos\pinkeye stuff\drv64\drv64\x64\release\drv64.tlog\inf2cat-expand.write.1.tlog
c:\users\c5\source\repos\pinkeye stuff\drv64\drv64\x64\release\drv64.tlog\inf2cat.command.1.tlog
c:\users\c5\source\repos\pinkeye stuff\drv64\drv64\x64\release\drv64.tlog\inf2cat.read.1.tlog
c:\users\c5\source\repos\pinkeye stuff\drv64\drv64\x64\release\drv64.tlog\inf2cat.write.1.tlog
c:\users\c5\source\repos\pinkeye stuff\drv64\drv64\x64\release\drv64.tlog\link.command.1.tlog
c:\users\c5\source\repos\pinkeye stuff\drv64\drv64\x64\release\drv64.tlog\link.read.1.tlog
c:\users\c5\source\repos\pinkeye stuff\drv64\drv64\x64\release\drv64.tlog\link.secondary.1.tlog
c:\users\c5\source\repos\pinkeye stuff\drv64\drv64\x64\release\drv64.tlog\link.write.1.tlog
c:\users\c5\source\repos\pinkeye stuff\drv64\drv64\x64\release\drv64.tlog\signtool.command.1.tlog
c:\users\c5\source\repos\pinkeye stuff\drv64\drv64\x64\release\drv64.tlog\signtool.read.1.tlog
c:\users\c5\source\repos\pinkeye stuff\drv64\drv64\x64\release\drv64.tlog\signtool.timestamp.1.tlog
c:\users\c5\source\repos\pinkeye stuff\drv64\drv64\x64\release\drv64.tlog\signtool.write.1.tlog
c:\users\c5\source\repos\pinkeye stuff\drv64\drv64\x64\release\drv64.tlog\stampinf.command.1.tlog
c:\users\c5\source\repos\pinkeye stuff\drv64\drv64\x64\release\drv64.tlog\tracewpp.command.1.tlog
c:\users\c5\source\repos\pinkeye stuff\drv64\drv64\x64\release\drv64.tlog\tracewpp.read.1.tlog
