  Main.c
C:\Users\C5\source\repos\PinkEye Stuff\bababooi\PinkEyeInjector\PinkEyeInjector\Main.c(36,57): warning C4113: 'FARPROC' differs in parameter lists from 'HOOKPROC'
C:\Users\C5\source\repos\PinkEye Stuff\bababooi\PinkEyeInjector\PinkEyeInjector\Main.c(42,38): warning C4047: 'function': 'WPARAM' differs in levels of indirection from 'void *'
C:\Users\C5\source\repos\PinkEye Stuff\bababooi\PinkEyeInjector\PinkEyeInjector\Main.c(42,38): warning C4024: 'PostThreadMessageW': different types for formal and actual parameter 3
C:\Users\C5\source\repos\PinkEye Stuff\bababooi\PinkEyeInjector\PinkEyeInjector\Main.c(42,44): warning C4047: 'function': 'LPARAM' differs in levels of indirection from 'void *'
C:\Users\C5\source\repos\PinkEye Stuff\bababooi\PinkEyeInjector\PinkEyeInjector\Main.c(42,44): warning C4024: 'PostThreadMessageW': different types for formal and actual parameter 4
C:\Users\C5\source\repos\PinkEye Stuff\bababooi\PinkEyeInjector\PinkEyeInjector\Main.c(17,11): warning C4047: 'initializing': 'DWORD' differs in levels of indirection from 'void *'
C:\Users\C5\source\repos\PinkEye Stuff\bababooi\PinkEyeInjector\PinkEyeInjector\Main.c(78,57): warning C4113: 'FARPROC' differs in parameter lists from 'HOOKPROC'
C:\Users\C5\source\repos\PinkEye Stuff\bababooi\PinkEyeInjector\PinkEyeInjector\Main.c(84,38): warning C4047: 'function': 'WPARAM' differs in levels of indirection from 'void *'
C:\Users\C5\source\repos\PinkEye Stuff\bababooi\PinkEyeInjector\PinkEyeInjector\Main.c(84,38): warning C4024: 'PostThreadMessageW': different types for formal and actual parameter 3
C:\Users\C5\source\repos\PinkEye Stuff\bababooi\PinkEyeInjector\PinkEyeInjector\Main.c(84,44): warning C4047: 'function': 'LPARAM' differs in levels of indirection from 'void *'
C:\Users\C5\source\repos\PinkEye Stuff\bababooi\PinkEyeInjector\PinkEyeInjector\Main.c(84,44): warning C4024: 'PostThreadMessageW': different types for formal and actual parameter 4
C:\Users\C5\source\repos\PinkEye Stuff\bababooi\PinkEyeInjector\PinkEyeInjector\Main.c(59,11): warning C4047: 'initializing': 'DWORD' differs in levels of indirection from 'void *'
C:\Users\C5\source\repos\PinkEye Stuff\bababooi\PinkEyeInjector\PinkEyeInjector\Main.c(132,38): warning C4047: 'function': 'WPARAM' differs in levels of indirection from 'void *'
C:\Users\C5\source\repos\PinkEye Stuff\bababooi\PinkEyeInjector\PinkEyeInjector\Main.c(132,38): warning C4024: 'PostThreadMessageW': different types for formal and actual parameter 3
C:\Users\C5\source\repos\PinkEye Stuff\bababooi\PinkEyeInjector\PinkEyeInjector\Main.c(132,44): warning C4047: 'function': 'LPARAM' differs in levels of indirection from 'void *'
C:\Users\C5\source\repos\PinkEye Stuff\bababooi\PinkEyeInjector\PinkEyeInjector\Main.c(132,44): warning C4024: 'PostThreadMessageW': different types for formal and actual parameter 4
C:\Users\C5\source\repos\PinkEye Stuff\bababooi\PinkEyeInjector\PinkEyeInjector\Main.c(100,11): warning C4047: 'initializing': 'DWORD' differs in levels of indirection from 'void *'
C:\Users\C5\source\repos\PinkEye Stuff\bababooi\PinkEyeInjector\PinkEyeInjector\Main.c(301,62): warning C4047: 'function': 'SIZE_T' differs in levels of indirection from 'void *'
C:\Users\C5\source\repos\PinkEye Stuff\bababooi\PinkEyeInjector\PinkEyeInjector\Main.c(301,62): warning C4024: 'CreateRemoteThread': different types for formal and actual parameter 3
C:\Users\C5\source\repos\PinkEye Stuff\bababooi\PinkEyeInjector\PinkEyeInjector\Main.c(301,142): warning C4047: 'function': 'DWORD' differs in levels of indirection from 'void *'
C:\Users\C5\source\repos\PinkEye Stuff\bababooi\PinkEyeInjector\PinkEyeInjector\Main.c(301,142): warning C4024: 'CreateRemoteThread': different types for formal and actual parameter 6
C:\Users\C5\source\repos\PinkEye Stuff\bababooi\PinkEyeInjector\PinkEyeInjector\Main.c(290,11): warning C4047: 'initializing': 'DWORD' differs in levels of indirection from 'void *'
C:\Users\C5\source\repos\PinkEye Stuff\bababooi\PinkEyeInjector\PinkEyeInjector\Main.c(382,88): warning C4047: 'function': 'LPTHREAD_START_ROUTINE' differs in levels of indirection from 'LPBYTE'
C:\Users\C5\source\repos\PinkEye Stuff\bababooi\PinkEyeInjector\PinkEyeInjector\Main.c(382,88): warning C4024: 'CreateRemoteThread': different types for formal and actual parameter 4
     Creating library C:\Users\C5\source\repos\PinkEye Stuff\bababooi\PinkEyeInjector\x64\Release\PinkEyeInjector.lib and object C:\Users\C5\source\repos\PinkEye Stuff\bababooi\PinkEyeInjector\x64\Release\PinkEyeInjector.exp
  Generating code
  Previous IPDB not found, fall back to full compilation.
  All 14 functions were compiled because no usable IPDB/IOBJ from previous compilation was found.
  Finished generating code
  PinkEyeInjector.vcxproj -> C:\Users\C5\source\repos\PinkEye Stuff\bababooi\PinkEyeInjector\x64\Release\PinkEyeInjector.dll
